[2026-05-14 12:44:38] local.ERROR: Declaration of App\Livewire\Imports\EmailMockImportPage::pull(App\Domain\Leads\Services\ImportRunner $runner, App\Importers\EmailMock\EmailMockLeadSource $source): void must be compatible with Livewire\Component::pull($properties = null) {"exception":"[object] (Symfony\\Component\\ErrorHandler\\Error\\FatalError(code: 0): Declaration of App\\Livewire\\Imports\\EmailMockImportPage::pull(App\\Domain\\Leads\\Services\\ImportRunner $runner, App\\Importers\\EmailMock\\EmailMockLeadSource $source): void must be compatible with Livewire\\Component::pull($properties = null) at /home/user/lodgely/app/Livewire/Imports/EmailMockImportPage.php:35)
[stacktrace]
#0 {main}
"} 
[2026-05-14 12:44:39] local.ERROR: Declaration of App\Livewire\Imports\EmailMockImportPage::pull(App\Domain\Leads\Services\ImportRunner $runner, App\Importers\EmailMock\EmailMockLeadSource $source): void must be compatible with Livewire\Component::pull($properties = null) {"exception":"[object] (Symfony\\Component\\ErrorHandler\\Error\\FatalError(code: 0): Declaration of App\\Livewire\\Imports\\EmailMockImportPage::pull(App\\Domain\\Leads\\Services\\ImportRunner $runner, App\\Importers\\EmailMock\\EmailMockLeadSource $source): void must be compatible with Livewire\\Component::pull($properties = null) at /home/user/lodgely/app/Livewire/Imports/EmailMockImportPage.php:35)
[stacktrace]
#0 {main}
"} 
[2026-05-14 12:44:39] local.ERROR: Declaration of App\Livewire\Imports\EmailMockImportPage::pull(App\Domain\Leads\Services\ImportRunner $runner, App\Importers\EmailMock\EmailMockLeadSource $source): void must be compatible with Livewire\Component::pull($properties = null) {"exception":"[object] (Symfony\\Component\\ErrorHandler\\Error\\FatalError(code: 0): Declaration of App\\Livewire\\Imports\\EmailMockImportPage::pull(App\\Domain\\Leads\\Services\\ImportRunner $runner, App\\Importers\\EmailMock\\EmailMockLeadSource $source): void must be compatible with Livewire\\Component::pull($properties = null) at /home/user/lodgely/app/Livewire/Imports/EmailMockImportPage.php:35)
[stacktrace]
#0 {main}
"} 
[2026-05-14 12:48:09] local.ERROR: The "--columns" option does not exist. {"exception":"[object] (Symfony\\Component\\Console\\Exception\\RuntimeException(code: 0): The \"--columns\" option does not exist. at /home/user/lodgely/vendor/symfony/console/Input/ArgvInput.php:226)
[stacktrace]
#0 /home/user/lodgely/vendor/symfony/console/Input/ArgvInput.php(153): Symfony\\Component\\Console\\Input\\ArgvInput->addLongOption()
#1 /home/user/lodgely/vendor/symfony/console/Input/ArgvInput.php(88): Symfony\\Component\\Console\\Input\\ArgvInput->parseLongOption()
#2 /home/user/lodgely/vendor/symfony/console/Input/ArgvInput.php(77): Symfony\\Component\\Console\\Input\\ArgvInput->parseToken()
#3 /home/user/lodgely/vendor/symfony/console/Input/Input.php(53): Symfony\\Component\\Console\\Input\\ArgvInput->parse()
#4 /home/user/lodgely/vendor/symfony/console/Command/Command.php(295): Symfony\\Component\\Console\\Input\\Input->bind()
#5 /home/user/lodgely/vendor/laravel/framework/src/Illuminate/Console/Command.php(180): Symfony\\Component\\Console\\Command\\Command->run()
#6 /home/user/lodgely/vendor/symfony/console/Application.php(1117): Illuminate\\Console\\Command->run()
#7 /home/user/lodgely/vendor/symfony/console/Application.php(356): Symfony\\Component\\Console\\Application->doRunCommand()
#8 /home/user/lodgely/vendor/symfony/console/Application.php(195): Symfony\\Component\\Console\\Application->doRun()
#9 /home/user/lodgely/vendor/laravel/framework/src/Illuminate/Foundation/Console/Kernel.php(198): Symfony\\Component\\Console\\Application->run()
#10 /home/user/lodgely/vendor/laravel/framework/src/Illuminate/Foundation/Application.php(1235): Illuminate\\Foundation\\Console\\Kernel->handle()
#11 /home/user/lodgely/artisan(12): Illuminate\\Foundation\\Application->handleCommand()
#12 {main}
"} 
